
> healconscious@0.1.0 build
> next build

   Γû▓ Next.js 15.3.3

   Creating an optimized production build ...
npm : Failed to compile.
At line:1 char:1
+ npm run build 2>&1 | Tee-Object -FilePath build-errors.txt
+ ~~~~~~~~~~~~~~~~~~
    + CategoryInfo          : NotSpecified: (Failed to compile.:String) [], RemoteException
    + FullyQualifiedErrorId : NativeCommandError
 

./app/components/ExpertSection/page.tsx
Module not found: Can't resolve '@/components/Expertsection/CareoxExperienceComponent.'

https://nextjs.org/docs/messages/module-not-found

./app/what-is-careox/page.tsx
Module not found: Can't resolve '@/app/pages/WhatIsCareox'

https://nextjs.org/docs/messages/module-not-found

./app/who-we-are/page.tsx
Module not found: Can't resolve '@/app/pages/WhoWeAre'

https://nextjs.org/docs/messages/module-not-found


> Build failed because of webpack errors
